// Vitest Snapshot v1, https://vitest.dev/guide/snapshot.html

exports[`ScreenClass > should render with current screen %s 1`] = `
<div>
  initial
</div>
`;
